你好！有什么我可以帮助你的吗？我可以回答问题、编写代码、管理知识库等。